<html>
<body>
<pre>
<h1>µVision Build Log</h1>
<h2>Tool Versions:</h2>
IDE-Version: ¦ÌVision V5.27.1.0
Copyright (C) 2019 ARM Ltd and ARM Germany GmbH. All rights reserved.
License Information: Chen Persai, Intel, LIC=03CTG-VP0EF-M9ZGG-VAIYJ-K9DMX-J0GUT
 
Tool Versions:
Toolchain:       MDK-ARM Plus  Version: 5.27.1.0
Toolchain Path:  D:\STM32\MDK527\ARM\ARMCC\Bin
C Compiler:      Armcc.exe V5.06 update 6 (build 750)
Assembler:       Armasm.exe V5.06 update 6 (build 750)
Linker/Locator:  ArmLink.exe V5.06 update 6 (build 750)
Library Manager: ArmAr.exe V5.06 update 6 (build 750)
Hex Converter:   FromElf.exe V5.06 update 6 (build 750)
CPU DLL:         SARMCM3.DLL V5.27.1.0
Dialog DLL:      DCM.DLL V1.17.2.0
Target DLL:      STLink\ST-LINKIII-KEIL_SWO.dll V3.0.6.0
Dialog DLL:      TCM.DLL V1.36.1.0
 
<h2>Project:</h2>
D:\±ÈÈü³ÌÐò\2020RobotWork\2020Robotwork\MyProject\MDK-ARM\MyProject.uvprojx
Project File Date:  01/27/2020

<h2>Output:</h2>
*** Using Compiler 'V5.06 update 6 (build 750)', folder: 'D:\STM32\MDK527\ARM\ARMCC\Bin'
Build target 'MyProject'
compiling main.c...
../Src/main.c(78): warning:  #550-D: variable "FLASH_SIZE"  was set but never used
  	uint32_t FLASH_SIZE; 
../Src/main.c(79): warning:  #177-D: variable "datatemp"  was declared but never referenced
  	uint8_t datatemp[25];
../Src/main.c: 2 warnings, 0 errors
linking...
Program Size: Code=6904 RO-data=448 RW-data=24 ZI-data=5328  
FromELF: creating hex file...
"MyProject\MyProject.axf" - 0 Error(s), 2 Warning(s).

<h2>Software Packages used:</h2>

Package Vendor: ARM
                http://www.keil.com/pack/ARM.CMSIS.5.5.1.pack
                ARM.CMSIS.5.5.1
                CMSIS (Cortex Microcontroller Software Interface Standard)
   * Component: CORE Version: 5.2.0

Package Vendor: Keil
                http://www.keil.com/pack/Keil.STM32F4xx_DFP.2.11.0.pack
                Keil.STM32F4xx_DFP.2.11.0
                STMicroelectronics STM32F4 Series Device Support, Drivers and Examples

<h2>Collection of Component include folders:</h2>
  .\RTE\_MyProject
  D:\STM32\MDK527\PACK\ARM\CMSIS\5.5.1\CMSIS\Core\Include
  D:\STM32\MDK527\PACK\Keil\STM32F4xx_DFP\2.11.0\Drivers\CMSIS\Device\ST\STM32F4xx\Include

<h2>Collection of Component Files used:</h2>

   * Component: ARM::CMSIS:CORE:5.2.0
Build Time Elapsed:  00:00:02
</pre>
</body>
</html>
